
Merging object attributes


Discarded input sections

 .riscv.attributes
                0x00000000       0x4c /Users/mac/Desktop/cuktech-ap01-firmware-tools/artifacts/build/agents-sync-candidate-1/payload/page-registration.o
 .comment       0x00000000       0x13 /Users/mac/Desktop/cuktech-ap01-firmware-tools/artifacts/build/agents-sync-candidate-1/payload/result-loader.o
 .note.GNU-stack
                0x00000000        0x0 /Users/mac/Desktop/cuktech-ap01-firmware-tools/artifacts/build/agents-sync-candidate-1/payload/result-loader.o
 .riscv.attributes
                0x00000000       0x4e /Users/mac/Desktop/cuktech-ap01-firmware-tools/artifacts/build/agents-sync-candidate-1/payload/result-loader.o
 .riscv.attributes
                0x00000000       0x4c /Users/mac/Desktop/cuktech-ap01-firmware-tools/artifacts/build/agents-sync-candidate-1/payload/device-config.o
 .riscv.attributes
                0x00000000       0x4c /Users/mac/Desktop/cuktech-ap01-firmware-tools/artifacts/build/agents-sync-candidate-1/payload/fallback-assets.o

Memory Configuration

Name             Origin             Length             Attributes
PAYLOAD          0xa02465d0         0x0000ee06         xr
*default*        0x00000000         0xffffffff

Linker script and memory map

                0xa00c1ec6                        PROVIDE (lv_obj_create = 0xa00c1ec6)
                0xa00bebee                        PROVIDE (lv_obj_del = 0xa00bebee)
                0xa00c0060                        PROVIDE (lv_obj_set_size = 0xa00c0060)
                0xa00bf942                        PROVIDE (lv_obj_set_x = 0xa00bf942)
                0xa00c5d84                        PROVIDE (lv_obj_get_child = 0xa00c5d84)
                0xa01aa0b6                        PROVIDE (lv_obj_add_event_cb = 0xa01aa0b6)
                0xa01930fe                        PROVIDE (lv_gif_create = 0xa01930fe)
                0xa00cf8d8                        PROVIDE (lv_gif_set_src = 0xa00cf8d8)
                0xa00bf7ea                        PROVIDE (lv_event_get_key = 0xa00bf7ea)
                0xa00b0290                        PROVIDE (window_get_active = 0xa00b0290)
                0xa00b0570                        PROVIDE (window_get_count = 0xa00b0570)
                0xa00b06f4                        PROVIDE (window_set_active = 0xa00b06f4)
                0xa007e1c4                        PROVIDE (malloc = 0xa007e1c4)
                0xa007c256                        PROVIDE (free = 0xa007c256)
                0xa00bbfee                        PROVIDE (stock_key_event = 0xa00bbfee)

.payload        0xa02465d0     0x7cf8
 *(.payload)
 .payload       0xa02465d0      0x2bc /Users/mac/Desktop/cuktech-ap01-firmware-tools/artifacts/build/agents-sync-candidate-1/payload/page-registration.o
                0xa02465d0                ap01_agents_page_register
                0xa0246690                ap01_agents_delete_event
                0xa02466c0                ap01_agents_key_event
 *(.text.entry)
 .text.entry    0xa024688c      0x2fa /Users/mac/Desktop/cuktech-ap01-firmware-tools/artifacts/build/agents-sync-candidate-1/payload/result-loader.o
                0xa024688c                ap01_agents_sink
                0xa0246964                ap01_agents_webclient_wrapper
                0xa0246a8c                ap01_agents_apply_current
                0xa0246b32                ap01_agents_ui_timer_wrapper
 *(.text .text.*)
 .text          0xa0246b86        0x0 /Users/mac/Desktop/cuktech-ap01-firmware-tools/artifacts/build/agents-sync-candidate-1/payload/page-registration.o
 .text          0xa0246b86      0xbb2 /Users/mac/Desktop/cuktech-ap01-firmware-tools/artifacts/build/agents-sync-candidate-1/payload/result-loader.o
 .text          0xa0247738        0x0 /Users/mac/Desktop/cuktech-ap01-firmware-tools/artifacts/build/agents-sync-candidate-1/payload/device-config.o
 .text          0xa0247738        0x0 /Users/mac/Desktop/cuktech-ap01-firmware-tools/artifacts/build/agents-sync-candidate-1/payload/fallback-assets.o
 *(.rodata .rodata.*)
 .rodata        0xa0247738      0x214 /Users/mac/Desktop/cuktech-ap01-firmware-tools/artifacts/build/agents-sync-candidate-1/payload/result-loader.o
 .rodata        0xa024794c       0x30 /Users/mac/Desktop/cuktech-ap01-firmware-tools/artifacts/build/agents-sync-candidate-1/payload/device-config.o
                0xa024794c                agents_device_id
                0xa024795c                agents_secret_key
 *(.assets)
 .assets        0xa024797c     0x694c /Users/mac/Desktop/cuktech-ap01-firmware-tools/artifacts/build/agents-sync-candidate-1/payload/fallback-assets.o
                0xa024797c                agents_fallback_overview_descriptor
                0xa0249400                agents_fallback_weekly_descriptor
                0xa024ae88                agents_fallback_today_descriptor
                0xa024c860                agents_fallback_last_30_days_descriptor

.data           0xa024e2c8        0x0
 .data          0xa024e2c8        0x0 /Users/mac/Desktop/cuktech-ap01-firmware-tools/artifacts/build/agents-sync-candidate-1/payload/page-registration.o
 .data          0xa024e2c8        0x0 /Users/mac/Desktop/cuktech-ap01-firmware-tools/artifacts/build/agents-sync-candidate-1/payload/result-loader.o
 .data          0xa024e2c8        0x0 /Users/mac/Desktop/cuktech-ap01-firmware-tools/artifacts/build/agents-sync-candidate-1/payload/device-config.o
 .data          0xa024e2c8        0x0 /Users/mac/Desktop/cuktech-ap01-firmware-tools/artifacts/build/agents-sync-candidate-1/payload/fallback-assets.o

.bss            0xa024e2c8        0x0
 .bss           0xa024e2c8        0x0 /Users/mac/Desktop/cuktech-ap01-firmware-tools/artifacts/build/agents-sync-candidate-1/payload/page-registration.o
 .bss           0xa024e2c8        0x0 /Users/mac/Desktop/cuktech-ap01-firmware-tools/artifacts/build/agents-sync-candidate-1/payload/result-loader.o
 .bss           0xa024e2c8        0x0 /Users/mac/Desktop/cuktech-ap01-firmware-tools/artifacts/build/agents-sync-candidate-1/payload/device-config.o
 .bss           0xa024e2c8        0x0 /Users/mac/Desktop/cuktech-ap01-firmware-tools/artifacts/build/agents-sync-candidate-1/payload/fallback-assets.o

/DISCARD/
 *(.comment)
 *(.note*)
 *(.riscv.attributes)
 *(.eh_frame*)
LOAD /Users/mac/Desktop/cuktech-ap01-firmware-tools/artifacts/build/agents-sync-candidate-1/payload/page-registration.o
LOAD /Users/mac/Desktop/cuktech-ap01-firmware-tools/artifacts/build/agents-sync-candidate-1/payload/result-loader.o
LOAD /Users/mac/Desktop/cuktech-ap01-firmware-tools/artifacts/build/agents-sync-candidate-1/payload/device-config.o
LOAD /Users/mac/Desktop/cuktech-ap01-firmware-tools/artifacts/build/agents-sync-candidate-1/payload/fallback-assets.o
OUTPUT(/Users/mac/Desktop/cuktech-ap01-firmware-tools/artifacts/build/agents-sync-candidate-1/payload/agents-sync.elf elf32-littleriscv)
