
Merging object attributes


Discarded input sections

 .riscv.attributes
                0x00000000       0x4c /Users/mac/Desktop/cuktech-ap01-firmware-tools/artifacts/build/opt-full-primary-switches/firmware/page-registration.o
 .comment       0x00000000       0x13 /Users/mac/Desktop/cuktech-ap01-firmware-tools/artifacts/build/opt-full-primary-switches/firmware/result-loader.o
 .note.GNU-stack
                0x00000000        0x0 /Users/mac/Desktop/cuktech-ap01-firmware-tools/artifacts/build/opt-full-primary-switches/firmware/result-loader.o
 .riscv.attributes
                0x00000000       0x4e /Users/mac/Desktop/cuktech-ap01-firmware-tools/artifacts/build/opt-full-primary-switches/firmware/result-loader.o
 .riscv.attributes
                0x00000000       0x4c /Users/mac/Desktop/cuktech-ap01-firmware-tools/artifacts/build/opt-full-primary-switches/firmware/device-config.o
 .riscv.attributes
                0x00000000       0x4c /Users/mac/Desktop/cuktech-ap01-firmware-tools/artifacts/build/opt-full-primary-switches/page-settings/primary-page-settings.o
 .comment       0x00000000       0x13 /Users/mac/Desktop/cuktech-ap01-firmware-tools/artifacts/build/opt-full-primary-switches/page-settings/primary-page-settings-persistence.o
 .note.GNU-stack
                0x00000000        0x0 /Users/mac/Desktop/cuktech-ap01-firmware-tools/artifacts/build/opt-full-primary-switches/page-settings/primary-page-settings-persistence.o
 .riscv.attributes
                0x00000000       0x4e /Users/mac/Desktop/cuktech-ap01-firmware-tools/artifacts/build/opt-full-primary-switches/page-settings/primary-page-settings-persistence.o
 .riscv.attributes
                0x00000000       0x4c /Users/mac/Desktop/cuktech-ap01-firmware-tools/artifacts/build/opt-full-primary-switches/page-settings/primary-page-settings-assets.o
 .riscv.attributes
                0x00000000       0x4c /Users/mac/Desktop/cuktech-ap01-firmware-tools/artifacts/build/opt-full-primary-switches/composition/combined-primary-key-event.o
 .riscv.attributes
                0x00000000       0x4c /Users/mac/Desktop/cuktech-ap01-firmware-tools/artifacts/build/opt-full-primary-switches/firmware/fallback-assets.o

Memory Configuration

Name             Origin             Length             Attributes
PAYLOAD          0xa02465d0         0x0000ee06         xr
*default*        0x00000000         0xffffffff

Linker script and memory map

                0xa00c1ec6                        PROVIDE (lv_obj_create = 0xa00c1ec6)
                0xa00bebee                        PROVIDE (lv_obj_del = 0xa00bebee)
                0xa00c0060                        PROVIDE (lv_obj_set_size = 0xa00c0060)
                0xa00c7b56                        PROVIDE (lv_obj_set_style_border_width = 0xa00c7b56)
                0xa00b14b0                        PROVIDE (lv_obj_set_style_pad_all = 0xa00b14b0)
                0xa00c0710                        PROVIDE (lv_obj_center = 0xa00c0710)
                0xa00c1680                        PROVIDE (lv_obj_remove_flag = 0xa00c1680)
                0xa019397a                        PROVIDE (lv_obj_set_scrollbar_mode = 0xa019397a)
                0xa00bf942                        PROVIDE (lv_obj_set_x = 0xa00bf942)
                0xa00bfe62                        PROVIDE (lv_obj_set_y = 0xa00bfe62)
                0xa00c5d84                        PROVIDE (lv_obj_get_child = 0xa00c5d84)
                0xa00c5fe4                        PROVIDE (lv_obj_get_child_count = 0xa00c5fe4)
                0xa01aa0b6                        PROVIDE (lv_obj_add_event_cb = 0xa01aa0b6)
                0xa00c1400                        PROVIDE (lv_obj_add_flag = 0xa00c1400)
                0xa01930fe                        PROVIDE (lv_gif_create = 0xa01930fe)
                0xa00cf8d8                        PROVIDE (lv_gif_set_src = 0xa00cf8d8)
                0xa00bf7ea                        PROVIDE (lv_event_get_key = 0xa00bf7ea)
                0xa00b0290                        PROVIDE (window_get_active = 0xa00b0290)
                0xa00b0570                        PROVIDE (window_get_count = 0xa00b0570)
                0xa00b06f4                        PROVIDE (window_set_active = 0xa00b06f4)
                0xa007e1c4                        PROVIDE (malloc = 0xa007e1c4)
                0xa007c256                        PROVIDE (free = 0xa007c256)
                0xa00bbfee                        PROVIDE (stock_key_event = 0xa00bbfee)
                0xa00f8096                        PROVIDE (stock_settings_key_event = 0xa00f8096)
                0xa0192fb4                        PROVIDE (stock_settings_row_create = 0xa0192fb4)
                0xa00c6dfe                        PROVIDE (stock_scroll_to_y = 0xa00c6dfe)
                0xa00f3d5a                        PROVIDE (stock_selection_transition = 0xa00f3d5a)

.payload        0xa02465d0     0x9fbc
 *(.payload)
 .payload       0xa02465d0      0x350 /Users/mac/Desktop/cuktech-ap01-firmware-tools/artifacts/build/opt-full-primary-switches/firmware/page-registration.o
                0xa02465d0                ap01_agents_page_register
                0xa02466d0                ap01_agents_delete_event
                0xa0246700                ap01_agents_key_event
                0xa02468cc                ap01_agents_detail_active
 *(.text.entry)
 .text.entry    0xa0246920      0x2fa /Users/mac/Desktop/cuktech-ap01-firmware-tools/artifacts/build/opt-full-primary-switches/firmware/result-loader.o
                0xa0246920                ap01_agents_sink
                0xa02469f8                ap01_agents_webclient_wrapper
                0xa0246b20                ap01_agents_apply_current
                0xa0246bc6                ap01_agents_ui_timer_wrapper
 *(.text .text.*)
 .text          0xa0246c1a        0x0 /Users/mac/Desktop/cuktech-ap01-firmware-tools/artifacts/build/opt-full-primary-switches/firmware/page-registration.o
 .text          0xa0246c1a      0xbb2 /Users/mac/Desktop/cuktech-ap01-firmware-tools/artifacts/build/opt-full-primary-switches/firmware/result-loader.o
 .text          0xa02477cc        0x0 /Users/mac/Desktop/cuktech-ap01-firmware-tools/artifacts/build/opt-full-primary-switches/firmware/device-config.o
 .text          0xa02477cc      0x5d8 /Users/mac/Desktop/cuktech-ap01-firmware-tools/artifacts/build/opt-full-primary-switches/page-settings/primary-page-settings.o
                0xa02477cc                ap01_page_settings_menu_dispatch
                0xa0247814                ap01_page_settings_event
                0xa02479e4                ap01_primary_page_navigation_event
 .text          0xa0247da4      0x2c0 /Users/mac/Desktop/cuktech-ap01-firmware-tools/artifacts/build/opt-full-primary-switches/page-settings/primary-page-settings-persistence.o
                0xa0247f62                ap01_page_settings_load_mask
                0xa0247f8c                ap01_page_settings_save_mask
 .text          0xa0248064        0x0 /Users/mac/Desktop/cuktech-ap01-firmware-tools/artifacts/build/opt-full-primary-switches/page-settings/primary-page-settings-assets.o
 .text          0xa0248064       0x38 /Users/mac/Desktop/cuktech-ap01-firmware-tools/artifacts/build/opt-full-primary-switches/composition/combined-primary-key-event.o
                0xa0248064                ap01_combined_primary_key_event
 .text          0xa024809c        0x0 /Users/mac/Desktop/cuktech-ap01-firmware-tools/artifacts/build/opt-full-primary-switches/firmware/fallback-assets.o
 *(.rodata .rodata.*)
 .rodata        0xa024809c      0x214 /Users/mac/Desktop/cuktech-ap01-firmware-tools/artifacts/build/opt-full-primary-switches/firmware/result-loader.o
 .rodata        0xa02482b0       0x30 /Users/mac/Desktop/cuktech-ap01-firmware-tools/artifacts/build/opt-full-primary-switches/firmware/device-config.o
                0xa02482b0                agents_device_id
                0xa02482c0                agents_secret_key
 .rodata        0xa02482e0       0x21 /Users/mac/Desktop/cuktech-ap01-firmware-tools/artifacts/build/opt-full-primary-switches/page-settings/primary-page-settings.o
 *fill*         0xa0248301        0x3 
 .rodata        0xa0248304       0x26 /Users/mac/Desktop/cuktech-ap01-firmware-tools/artifacts/build/opt-full-primary-switches/page-settings/primary-page-settings-persistence.o
 *(.assets)
 *fill*         0xa024832a        0x2 
 .assets        0xa024832c     0x1914 /Users/mac/Desktop/cuktech-ap01-firmware-tools/artifacts/build/opt-full-primary-switches/page-settings/primary-page-settings-assets.o
                0xa024832c                page_settings_background_descriptor
                0xa0249a90                page_settings_marker_descriptor
                0xa0249b68                page_settings_check_descriptor
 .assets        0xa0249c40     0x694c /Users/mac/Desktop/cuktech-ap01-firmware-tools/artifacts/build/opt-full-primary-switches/firmware/fallback-assets.o
                0xa0249c40                agents_fallback_overview_descriptor
                0xa024b6c4                agents_fallback_weekly_descriptor
                0xa024d14c                agents_fallback_today_descriptor
                0xa024eb24                agents_fallback_last_30_days_descriptor

.data           0xa025058c        0x0
 .data          0xa025058c        0x0 /Users/mac/Desktop/cuktech-ap01-firmware-tools/artifacts/build/opt-full-primary-switches/firmware/page-registration.o
 .data          0xa025058c        0x0 /Users/mac/Desktop/cuktech-ap01-firmware-tools/artifacts/build/opt-full-primary-switches/firmware/result-loader.o
 .data          0xa025058c        0x0 /Users/mac/Desktop/cuktech-ap01-firmware-tools/artifacts/build/opt-full-primary-switches/firmware/device-config.o
 .data          0xa025058c        0x0 /Users/mac/Desktop/cuktech-ap01-firmware-tools/artifacts/build/opt-full-primary-switches/page-settings/primary-page-settings.o
 .data          0xa025058c        0x0 /Users/mac/Desktop/cuktech-ap01-firmware-tools/artifacts/build/opt-full-primary-switches/page-settings/primary-page-settings-persistence.o
 .data          0xa025058c        0x0 /Users/mac/Desktop/cuktech-ap01-firmware-tools/artifacts/build/opt-full-primary-switches/page-settings/primary-page-settings-assets.o
 .data          0xa025058c        0x0 /Users/mac/Desktop/cuktech-ap01-firmware-tools/artifacts/build/opt-full-primary-switches/composition/combined-primary-key-event.o
 .data          0xa025058c        0x0 /Users/mac/Desktop/cuktech-ap01-firmware-tools/artifacts/build/opt-full-primary-switches/firmware/fallback-assets.o

.bss            0xa025058c        0x0
 .bss           0xa025058c        0x0 /Users/mac/Desktop/cuktech-ap01-firmware-tools/artifacts/build/opt-full-primary-switches/firmware/page-registration.o
 .bss           0xa025058c        0x0 /Users/mac/Desktop/cuktech-ap01-firmware-tools/artifacts/build/opt-full-primary-switches/firmware/result-loader.o
 .bss           0xa025058c        0x0 /Users/mac/Desktop/cuktech-ap01-firmware-tools/artifacts/build/opt-full-primary-switches/firmware/device-config.o
 .bss           0xa025058c        0x0 /Users/mac/Desktop/cuktech-ap01-firmware-tools/artifacts/build/opt-full-primary-switches/page-settings/primary-page-settings.o
 .bss           0xa025058c        0x0 /Users/mac/Desktop/cuktech-ap01-firmware-tools/artifacts/build/opt-full-primary-switches/page-settings/primary-page-settings-persistence.o
 .bss           0xa025058c        0x0 /Users/mac/Desktop/cuktech-ap01-firmware-tools/artifacts/build/opt-full-primary-switches/page-settings/primary-page-settings-assets.o
 .bss           0xa025058c        0x0 /Users/mac/Desktop/cuktech-ap01-firmware-tools/artifacts/build/opt-full-primary-switches/composition/combined-primary-key-event.o
 .bss           0xa025058c        0x0 /Users/mac/Desktop/cuktech-ap01-firmware-tools/artifacts/build/opt-full-primary-switches/firmware/fallback-assets.o

/DISCARD/
 *(.comment)
 *(.note*)
 *(.riscv.attributes)
 *(.eh_frame*)
LOAD /Users/mac/Desktop/cuktech-ap01-firmware-tools/artifacts/build/opt-full-primary-switches/firmware/page-registration.o
LOAD /Users/mac/Desktop/cuktech-ap01-firmware-tools/artifacts/build/opt-full-primary-switches/firmware/result-loader.o
LOAD /Users/mac/Desktop/cuktech-ap01-firmware-tools/artifacts/build/opt-full-primary-switches/firmware/device-config.o
LOAD /Users/mac/Desktop/cuktech-ap01-firmware-tools/artifacts/build/opt-full-primary-switches/page-settings/primary-page-settings.o
LOAD /Users/mac/Desktop/cuktech-ap01-firmware-tools/artifacts/build/opt-full-primary-switches/page-settings/primary-page-settings-persistence.o
LOAD /Users/mac/Desktop/cuktech-ap01-firmware-tools/artifacts/build/opt-full-primary-switches/page-settings/primary-page-settings-assets.o
LOAD /Users/mac/Desktop/cuktech-ap01-firmware-tools/artifacts/build/opt-full-primary-switches/composition/combined-primary-key-event.o
LOAD /Users/mac/Desktop/cuktech-ap01-firmware-tools/artifacts/build/opt-full-primary-switches/firmware/fallback-assets.o
OUTPUT(/Users/mac/Desktop/cuktech-ap01-firmware-tools/artifacts/build/opt-full-primary-switches/firmware/agents-sync.elf elf32-littleriscv)
