
Merging object attributes


Discarded input sections

 .riscv.attributes
                0x00000000       0x4c /Users/mac/Desktop/cuktech-ap01-firmware-tools/artifacts/build/agents-confirm-compat/firmware/page-registration.o
 .comment       0x00000000       0x13 /Users/mac/Desktop/cuktech-ap01-firmware-tools/artifacts/build/agents-confirm-compat/firmware/result-loader.o
 .note.GNU-stack
                0x00000000        0x0 /Users/mac/Desktop/cuktech-ap01-firmware-tools/artifacts/build/agents-confirm-compat/firmware/result-loader.o
 .riscv.attributes
                0x00000000       0x4e /Users/mac/Desktop/cuktech-ap01-firmware-tools/artifacts/build/agents-confirm-compat/firmware/result-loader.o
 .riscv.attributes
                0x00000000       0x4c /Users/mac/Desktop/cuktech-ap01-firmware-tools/artifacts/build/agents-confirm-compat/firmware/device-config.o
 .riscv.attributes
                0x00000000       0x4c /Users/mac/Desktop/cuktech-ap01-firmware-tools/artifacts/build/agents-confirm-compat/firmware/fallback-assets.o

Memory Configuration

Name             Origin             Length             Attributes
PAYLOAD          0xa02465d0         0x0000ee06         xr
*default*        0x00000000         0xffffffff

Linker script and memory map

                0xa00c1ec6                        PROVIDE (lv_obj_create = 0xa00c1ec6)
                0xa00bebee                        PROVIDE (lv_obj_del = 0xa00bebee)
                0xa00c0060                        PROVIDE (lv_obj_set_size = 0xa00c0060)
                0xa00c7b56                        PROVIDE (lv_obj_set_style_border_width = 0xa00c7b56)
                0xa00b14b0                        PROVIDE (lv_obj_set_style_pad_all = 0xa00b14b0)
                0xa00c0710                        PROVIDE (lv_obj_center = 0xa00c0710)
                0xa00c1680                        PROVIDE (lv_obj_remove_flag = 0xa00c1680)
                0xa019397a                        PROVIDE (lv_obj_set_scrollbar_mode = 0xa019397a)
                0xa00bf942                        PROVIDE (lv_obj_set_x = 0xa00bf942)
                [!provide]                        PROVIDE (lv_obj_set_y = 0xa00bfe62)
                0xa00c5d84                        PROVIDE (lv_obj_get_child = 0xa00c5d84)
                [!provide]                        PROVIDE (lv_obj_get_child_count = 0xa00c5fe4)
                0xa01aa0b6                        PROVIDE (lv_obj_add_event_cb = 0xa01aa0b6)
                [!provide]                        PROVIDE (lv_obj_add_flag = 0xa00c1400)
                0xa01930fe                        PROVIDE (lv_gif_create = 0xa01930fe)
                0xa00cf8d8                        PROVIDE (lv_gif_set_src = 0xa00cf8d8)
                0xa00bf7ea                        PROVIDE (lv_event_get_key = 0xa00bf7ea)
                0xa00b0290                        PROVIDE (window_get_active = 0xa00b0290)
                0xa00b0570                        PROVIDE (window_get_count = 0xa00b0570)
                0xa00b06f4                        PROVIDE (window_set_active = 0xa00b06f4)
                0xa007e1c4                        PROVIDE (malloc = 0xa007e1c4)
                0xa007c256                        PROVIDE (free = 0xa007c256)
                0xa00bbfee                        PROVIDE (stock_key_event = 0xa00bbfee)
                [!provide]                        PROVIDE (stock_settings_key_event = 0xa00f8096)
                [!provide]                        PROVIDE (stock_settings_row_create = 0xa0192fb4)
                [!provide]                        PROVIDE (stock_scroll_to_y = 0xa00c6dfe)
                [!provide]                        PROVIDE (stock_selection_transition = 0xa00f3d5a)

.payload        0xa02465d0     0x7de4
 *(.payload)
 .payload       0xa02465d0      0x3a8 /Users/mac/Desktop/cuktech-ap01-firmware-tools/artifacts/build/agents-confirm-compat/firmware/page-registration.o
                0xa02465d0                ap01_agents_page_register
                0xa02466d8                ap01_agents_delete_event
                0xa0246708                ap01_agents_key_event
                0xa0246924                ap01_agents_detail_active
 *(.text.entry)
 .text.entry    0xa0246978      0x2fa /Users/mac/Desktop/cuktech-ap01-firmware-tools/artifacts/build/agents-confirm-compat/firmware/result-loader.o
                0xa0246978                ap01_agents_sink
                0xa0246a50                ap01_agents_webclient_wrapper
                0xa0246b78                ap01_agents_apply_current
                0xa0246c1e                ap01_agents_ui_timer_wrapper
 *(.text .text.*)
 .text          0xa0246c72        0x0 /Users/mac/Desktop/cuktech-ap01-firmware-tools/artifacts/build/agents-confirm-compat/firmware/page-registration.o
 .text          0xa0246c72      0xbb2 /Users/mac/Desktop/cuktech-ap01-firmware-tools/artifacts/build/agents-confirm-compat/firmware/result-loader.o
 .text          0xa0247824        0x0 /Users/mac/Desktop/cuktech-ap01-firmware-tools/artifacts/build/agents-confirm-compat/firmware/device-config.o
 .text          0xa0247824        0x0 /Users/mac/Desktop/cuktech-ap01-firmware-tools/artifacts/build/agents-confirm-compat/firmware/fallback-assets.o
 *(.rodata .rodata.*)
 .rodata        0xa0247824      0x214 /Users/mac/Desktop/cuktech-ap01-firmware-tools/artifacts/build/agents-confirm-compat/firmware/result-loader.o
 .rodata        0xa0247a38       0x30 /Users/mac/Desktop/cuktech-ap01-firmware-tools/artifacts/build/agents-confirm-compat/firmware/device-config.o
                0xa0247a38                agents_device_id
                0xa0247a48                agents_secret_key
 *(.assets)
 .assets        0xa0247a68     0x694c /Users/mac/Desktop/cuktech-ap01-firmware-tools/artifacts/build/agents-confirm-compat/firmware/fallback-assets.o
                0xa0247a68                agents_fallback_overview_descriptor
                0xa02494ec                agents_fallback_weekly_descriptor
                0xa024af74                agents_fallback_today_descriptor
                0xa024c94c                agents_fallback_last_30_days_descriptor

.data           0xa024e3b4        0x0
 .data          0xa024e3b4        0x0 /Users/mac/Desktop/cuktech-ap01-firmware-tools/artifacts/build/agents-confirm-compat/firmware/page-registration.o
 .data          0xa024e3b4        0x0 /Users/mac/Desktop/cuktech-ap01-firmware-tools/artifacts/build/agents-confirm-compat/firmware/result-loader.o
 .data          0xa024e3b4        0x0 /Users/mac/Desktop/cuktech-ap01-firmware-tools/artifacts/build/agents-confirm-compat/firmware/device-config.o
 .data          0xa024e3b4        0x0 /Users/mac/Desktop/cuktech-ap01-firmware-tools/artifacts/build/agents-confirm-compat/firmware/fallback-assets.o

.bss            0xa024e3b4        0x0
 .bss           0xa024e3b4        0x0 /Users/mac/Desktop/cuktech-ap01-firmware-tools/artifacts/build/agents-confirm-compat/firmware/page-registration.o
 .bss           0xa024e3b4        0x0 /Users/mac/Desktop/cuktech-ap01-firmware-tools/artifacts/build/agents-confirm-compat/firmware/result-loader.o
 .bss           0xa024e3b4        0x0 /Users/mac/Desktop/cuktech-ap01-firmware-tools/artifacts/build/agents-confirm-compat/firmware/device-config.o
 .bss           0xa024e3b4        0x0 /Users/mac/Desktop/cuktech-ap01-firmware-tools/artifacts/build/agents-confirm-compat/firmware/fallback-assets.o

/DISCARD/
 *(.comment)
 *(.note*)
 *(.riscv.attributes)
 *(.eh_frame*)
LOAD /Users/mac/Desktop/cuktech-ap01-firmware-tools/artifacts/build/agents-confirm-compat/firmware/page-registration.o
LOAD /Users/mac/Desktop/cuktech-ap01-firmware-tools/artifacts/build/agents-confirm-compat/firmware/result-loader.o
LOAD /Users/mac/Desktop/cuktech-ap01-firmware-tools/artifacts/build/agents-confirm-compat/firmware/device-config.o
LOAD /Users/mac/Desktop/cuktech-ap01-firmware-tools/artifacts/build/agents-confirm-compat/firmware/fallback-assets.o
OUTPUT(/Users/mac/Desktop/cuktech-ap01-firmware-tools/artifacts/build/agents-confirm-compat/firmware/agents-sync.elf elf32-littleriscv)
